Inside main
Inside baz
ret == 37
<result>
  <returnValue>
    0
  </returnValue>
</result>
