<result>
  <returnValue>
    144
  </returnValue>
</result>
