hello world 4 7 -1
<result>
  <returnValue>
    0
  </returnValue>
</result>
