hello world 102 117 0
<result>
  <returnValue>
    0
  </returnValue>
</result>
