hello world - -1 args, and x is -2
<result>
  <returnValue>
    0
  </returnValue>
</result>
