<result>
  <returnValue>
    87
  </returnValue>
</result>
