5000, 13000
<result>
  <returnValue>
    0
  </returnValue>
</result>
