-128 128 --> unsigned: us = 65408, us2 = 128
-128 128 -->   signed:  s = -128,  s2 = 128
-128 128 --> unsigned: uc = 128, uc2 = 128
-128 128 -->   signed:  c = -128,  c2 = -128
<result>
  <returnValue>
    0
  </returnValue>
</result>
