Result: 100
<result>
  <returnValue>
    0
  </returnValue>
</result>
