12, 1.245000, 120, 123456677890, -10, 4500000000000000.000000<result>
  <returnValue>
    0
  </returnValue>
</result>
