Good in 1
Good answer in 2
Good in 3_a
Good in 3_b
