[4].a=5, [4].b=6, [5].a=6, [5].b=8
sizeof(s)/sizeof(s[0]) = 6
