w4
y6
zc24
za26

d41d8cd98f00b204e9800998ecf8427e
a
zb27
68
