1e5f5bb0
<result>
  <returnValue>
    0
  </returnValue>
</result>
