present_val == a[found_at]
present_val == a[found_at]
present_val == a[found_at]
present_val == a[found_at]
present_val == a[found_at]
present_val == a[found_at]
present_val == a[found_at]
present_val == a[found_at]
present_val == a[found_at]
present_val == a[found_at]<result>
  <returnValue>
    0
  </returnValue>
</result>
