1i = 16
2i = 0
2i = 1
2i = 2
3i = 5
3i = 5
3i = 5<result>
  <returnValue>
    0
  </returnValue>
</result>
