Section s84     returned 0.

No errors detected.<result>
  <returnValue>
    0
  </returnValue>
</result>
