0: src=1, dest=1
1: src=3, dest=3
2: src=5, dest=5
3: src=7, dest=7
4: src=9, dest=9
5: src=11, dest=11
6: src=13, dest=13
7: src=15, dest=15
8: src=17, dest=17
9: src=19, dest=19
10: src=21, dest=21
11: src=23, dest=23
12: src=25, dest=25
13: src=27, dest=27
14: src=29, dest=29
15: src=31, dest=31
16: src=33, dest=33
17: src=35, dest=35
18: src=37, dest=37
19: src=39, dest=39
20: src=41, dest=41
21: src=43, dest=43
22: src=45, dest=45
23: src=47, dest=47
24: src=49, dest=49
25: src=51, dest=51
26: src=53, dest=53
27: src=55, dest=55
28: src=57, dest=57
29: src=59, dest=59
30: src=61, dest=61
31: src=63, dest=63
32: src=65, dest=65
33: src=67, dest=67
34: src=69, dest=69
35: src=71, dest=71
36: src=73, dest=73
37: src=75, dest=75
38: src=77, dest=77
39: src=79, dest=79
40: src=81, dest=81
41: src=83, dest=83
42: src=85, dest=85
43: src=87, dest=87
44: src=89, dest=89
45: src=91, dest=91
46: src=93, dest=93
47: src=95, dest=95
48: src=97, dest=97
49: src=99, dest=99
50: src=101, dest=101
51: src=103, dest=103
52: src=105, dest=105
53: src=107, dest=107
54: src=109, dest=109
55: src=111, dest=111
56: src=113, dest=113
57: src=115, dest=115
58: src=117, dest=117
59: src=119, dest=119
60: src=121, dest=121
61: src=123, dest=123
62: src=125, dest=125
63: src=127, dest=127
64: src=129, dest=129
65: src=131, dest=131
66: src=133, dest=133
67: src=135, dest=135
68: src=137, dest=137
69: src=139, dest=139
70: src=141, dest=141
71: src=143, dest=143
72: src=145, dest=145
73: src=147, dest=147
74: src=149, dest=149
75: src=151, dest=151
76: src=153, dest=153
77: src=155, dest=155
78: src=157, dest=157
79: src=159, dest=159
80: src=161, dest=161
81: src=163, dest=163
82: src=165, dest=165
83: src=167, dest=167
84: src=169, dest=169
85: src=171, dest=171
86: src=173, dest=173
87: src=175, dest=175
88: src=177, dest=177
89: src=179, dest=179
90: src=181, dest=181
91: src=183, dest=183
92: src=185, dest=185
93: src=187, dest=187
94: src=189, dest=189
95: src=191, dest=191
96: src=193, dest=193
97: src=195, dest=195
98: src=197, dest=197
99: src=199, dest=199
100: src=201, dest=201<result>
  <returnValue>
    0
  </returnValue>
</result>
