0 0 2000
0 2500 1890
0 5000 1800
2000 0 2000
2000 2500 1910
2000 5000 1830
4000 0 2000
4000 2500 1960
4000 5000 1930
6000 0 2000
6000 2500 2030
6000 5000 2060
8000 0 2000
8000 2500 2080
8000 5000 2160
10000 0 2000
10000 2500 2100
10000 5000 2190<result>
  <returnValue>
    0
  </returnValue>
</result>
