0 20000
-23885 -4339
17290 -13003
17571 11412
-23162 5839
-7469 -18010<result>
  <returnValue>
    0
  </returnValue>
</result>
