<result>
  <returnValue>
    7
  </returnValue>
</result>
