20,25,15,30,10,35,
35,10,30,15,25,20,
<result>
  <returnValue>
    0
  </returnValue>
</result>
