12
4
3
4
8
8
8
8<result>
  <returnValue>
    0
  </returnValue>
</result>
