0
1
2
3
4
6
7
8
9
<result>
  <returnValue>
    0
  </returnValue>
</result>
