1
4
4
1
4
4
381
<result>
  <returnValue>
    0
  </returnValue>
</result>
