<result>
  <returnValue>
    13
  </returnValue>
</result>
