<result>
  <returnValue>
    4
  </returnValue>
</result>
