5 should be 5
n is 2
n is now 3
5 should be 6
n is now 4
sizeof(int[n]) = 16
n is now 5
