Sum is 4950
<result>
  <returnValue>
    0
  </returnValue>
</result>
