(*r + 6*0)[2][4][5] == 32
(*r + 6*1)[3][4][5] == 0
(*r + 6*2)[2][2][5] == 0
(*r + 6*2)[2][2][4] == 0
<result>
  <returnValue>
    0
  </returnValue>
</result>
