-620
-350
8
<result>
  <returnValue>
    0
  </returnValue>
</result>
