<result>
  <returnValue>
    8
  </returnValue>
</result>
