<result>
  <returnValue>
    10
  </returnValue>
</result>
